[0.103s] DEBUG:colcon:Command line arguments: ['/usr/bin/colcon', 'build', '--packages-select', 'lab111']
[0.103s] DEBUG:colcon:Parsed command line arguments: Namespace(log_base=None, log_level=None, verb_name='build', build_base='build', install_base='install', merge_install=False, symlink_install=False, test_result_base=None, continue_on_error=False, executor='parallel', parallel_workers=12, event_handlers=None, ignore_user_meta=False, metas=['./colcon.meta'], base_paths=['.'], packages_ignore=None, packages_ignore_regex=None, paths=None, packages_up_to=None, packages_up_to_regex=None, packages_above=None, packages_above_and_dependencies=None, packages_above_depth=None, packages_select_by_dep=None, packages_skip_by_dep=None, packages_skip_up_to=None, packages_select_build_failed=False, packages_skip_build_finished=False, packages_select_test_failures=False, packages_skip_test_passed=False, packages_select=['lab111'], packages_skip=None, packages_select_regex=None, packages_skip_regex=None, packages_start=None, packages_end=None, allow_overriding=[], cmake_args=None, cmake_target=None, cmake_target_skip_unavailable=False, cmake_clean_cache=False, cmake_clean_first=False, cmake_force_configure=False, ament_cmake_args=None, catkin_cmake_args=None, catkin_skip_building_tests=False, mixin_files=None, mixin=None, verb_parser=<colcon_mixin.mixin.mixin_argument.MixinArgumentDecorator object at 0x7eeeaf959930>, verb_extension=<colcon_core.verb.build.BuildVerb object at 0x7eeeaf9593c0>, main=<bound method BuildVerb.main of <colcon_core.verb.build.BuildVerb object at 0x7eeeaf9593c0>>, mixin_verb=('build',))
[0.253s] Level 1:colcon.colcon_core.package_discovery:discover_packages(colcon_meta) check parameters
[0.253s] Level 1:colcon.colcon_core.package_discovery:discover_packages(recursive) check parameters
[0.253s] Level 1:colcon.colcon_core.package_discovery:discover_packages(ignore) check parameters
[0.253s] Level 1:colcon.colcon_core.package_discovery:discover_packages(path) check parameters
[0.253s] Level 1:colcon.colcon_core.package_discovery:discover_packages(colcon_meta) discover
[0.253s] Level 1:colcon.colcon_core.package_discovery:discover_packages(recursive) discover
[0.253s] INFO:colcon.colcon_core.package_discovery:Crawling recursively for packages in '/home/al2/ros2_ws/src/lab111'
[0.253s] Level 1:colcon.colcon_core.package_identification:_identify(.) by extensions ['ignore', 'ignore_ament_install']
[0.253s] Level 1:colcon.colcon_core.package_identification:_identify(.) by extension 'ignore'
[0.253s] Level 1:colcon.colcon_core.package_identification:_identify(.) by extension 'ignore_ament_install'
[0.253s] Level 1:colcon.colcon_core.package_identification:_identify(.) by extensions ['colcon_pkg']
[0.253s] Level 1:colcon.colcon_core.package_identification:_identify(.) by extension 'colcon_pkg'
[0.253s] Level 1:colcon.colcon_core.package_identification:_identify(.) by extensions ['colcon_meta']
[0.253s] Level 1:colcon.colcon_core.package_identification:_identify(.) by extension 'colcon_meta'
[0.253s] Level 1:colcon.colcon_core.package_identification:_identify(.) by extensions ['ros']
[0.253s] Level 1:colcon.colcon_core.package_identification:_identify(.) by extension 'ros'
[0.262s] DEBUG:colcon.colcon_core.package_identification:Package '.' with type 'ros.ament_cmake' and name 'lab111'
[0.262s] Level 1:colcon.colcon_core.package_discovery:discover_packages(recursive) using defaults
[0.262s] Level 1:colcon.colcon_core.package_discovery:discover_packages(ignore) discover
[0.262s] Level 1:colcon.colcon_core.package_discovery:discover_packages(ignore) using defaults
[0.262s] Level 1:colcon.colcon_core.package_discovery:discover_packages(path) discover
[0.262s] Level 1:colcon.colcon_core.package_discovery:discover_packages(path) using defaults
[0.286s] Level 1:colcon.colcon_core.package_discovery:discover_packages(prefix_path) check parameters
[0.286s] Level 1:colcon.colcon_core.package_discovery:discover_packages(prefix_path) discover
[0.288s] DEBUG:colcon.colcon_installed_package_information.package_discovery:Found 3 installed packages in /home/al2/ros2_ws/install
[0.289s] DEBUG:colcon.colcon_installed_package_information.package_discovery:Found 274 installed packages in /opt/ros/humble
[0.290s] Level 1:colcon.colcon_core.package_discovery:discover_packages(prefix_path) using defaults
[0.309s] Level 5:colcon.colcon_core.verb:set package 'lab111' build argument 'cmake_args' from command line to 'None'
[0.309s] Level 5:colcon.colcon_core.verb:set package 'lab111' build argument 'cmake_target' from command line to 'None'
[0.309s] Level 5:colcon.colcon_core.verb:set package 'lab111' build argument 'cmake_target_skip_unavailable' from command line to 'False'
[0.309s] Level 5:colcon.colcon_core.verb:set package 'lab111' build argument 'cmake_clean_cache' from command line to 'False'
[0.309s] Level 5:colcon.colcon_core.verb:set package 'lab111' build argument 'cmake_clean_first' from command line to 'False'
[0.309s] Level 5:colcon.colcon_core.verb:set package 'lab111' build argument 'cmake_force_configure' from command line to 'False'
[0.309s] Level 5:colcon.colcon_core.verb:set package 'lab111' build argument 'ament_cmake_args' from command line to 'None'
[0.309s] Level 5:colcon.colcon_core.verb:set package 'lab111' build argument 'catkin_cmake_args' from command line to 'None'
[0.309s] Level 5:colcon.colcon_core.verb:set package 'lab111' build argument 'catkin_skip_building_tests' from command line to 'False'
[0.309s] DEBUG:colcon.colcon_core.verb:Building package 'lab111' with the following arguments: {'ament_cmake_args': None, 'build_base': '/home/al2/ros2_ws/src/lab111/build/lab111', 'catkin_cmake_args': None, 'catkin_skip_building_tests': False, 'cmake_args': None, 'cmake_clean_cache': False, 'cmake_clean_first': False, 'cmake_force_configure': False, 'cmake_target': None, 'cmake_target_skip_unavailable': False, 'install_base': '/home/al2/ros2_ws/src/lab111/install/lab111', 'merge_install': False, 'path': '/home/al2/ros2_ws/src/lab111', 'symlink_install': False, 'test_result_base': None}
[0.309s] INFO:colcon.colcon_core.executor:Executing jobs using 'parallel' executor
[0.310s] DEBUG:colcon.colcon_parallel_executor.executor.parallel:run_until_complete
[0.310s] INFO:colcon.colcon_ros.task.ament_cmake.build:Building ROS package in '/home/al2/ros2_ws/src/lab111' with build type 'ament_cmake'
[0.310s] INFO:colcon.colcon_cmake.task.cmake.build:Building CMake package in '/home/al2/ros2_ws/src/lab111'
[0.312s] INFO:colcon.colcon_core.plugin_system:Skipping extension 'colcon_core.shell.bat': Not used on non-Windows systems
[0.312s] INFO:colcon.colcon_core.shell:Skip shell extension 'powershell' for command environment: Not usable outside of PowerShell
[0.312s] DEBUG:colcon.colcon_core.shell:Skip shell extension 'dsv' for command environment
[0.317s] DEBUG:colcon.colcon_core.event_handler.log_command:Invoking command in '/home/al2/ros2_ws/src/lab111/build/lab111': CMAKE_PREFIX_PATH=${CMAKE_PREFIX_PATH}:/opt/ros/humble /usr/bin/cmake /home/al2/ros2_ws/src/lab111 -DCMAKE_INSTALL_PREFIX=/home/al2/ros2_ws/src/lab111/install/lab111
[0.993s] DEBUG:colcon.colcon_core.event_handler.log_command:Invoked command in '/home/al2/ros2_ws/src/lab111/build/lab111' returned '0': CMAKE_PREFIX_PATH=${CMAKE_PREFIX_PATH}:/opt/ros/humble /usr/bin/cmake /home/al2/ros2_ws/src/lab111 -DCMAKE_INSTALL_PREFIX=/home/al2/ros2_ws/src/lab111/install/lab111
[0.993s] DEBUG:colcon.colcon_core.event_handler.log_command:Invoking command in '/home/al2/ros2_ws/src/lab111/build/lab111': CMAKE_PREFIX_PATH=${CMAKE_PREFIX_PATH}:/opt/ros/humble /usr/bin/cmake --build /home/al2/ros2_ws/src/lab111/build/lab111 -- -j12 -l12
[1.020s] DEBUG:colcon.colcon_core.event_handler.log_command:Invoked command in '/home/al2/ros2_ws/src/lab111/build/lab111' returned '0': CMAKE_PREFIX_PATH=${CMAKE_PREFIX_PATH}:/opt/ros/humble /usr/bin/cmake --build /home/al2/ros2_ws/src/lab111/build/lab111 -- -j12 -l12
[1.028s] DEBUG:colcon.colcon_core.event_handler.log_command:Invoking command in '/home/al2/ros2_ws/src/lab111/build/lab111': CMAKE_PREFIX_PATH=${CMAKE_PREFIX_PATH}:/opt/ros/humble /usr/bin/cmake --install /home/al2/ros2_ws/src/lab111/build/lab111
[1.041s] Level 1:colcon.colcon_core.environment:create_environment_scripts_only(lab111)
[1.041s] DEBUG:colcon.colcon_core.event_handler.log_command:Invoked command in '/home/al2/ros2_ws/src/lab111/build/lab111' returned '0': CMAKE_PREFIX_PATH=${CMAKE_PREFIX_PATH}:/opt/ros/humble /usr/bin/cmake --install /home/al2/ros2_ws/src/lab111/build/lab111
[1.045s] Level 1:colcon.colcon_core.environment:checking '/home/al2/ros2_ws/src/lab111/install/lab111' for CMake module files
[1.045s] Level 1:colcon.colcon_core.environment:checking '/home/al2/ros2_ws/src/lab111/install/lab111' for CMake config files
[1.045s] Level 1:colcon.colcon_core.shell:create_environment_hook('lab111', 'cmake_prefix_path')
[1.046s] INFO:colcon.colcon_core.shell:Creating environment hook '/home/al2/ros2_ws/src/lab111/install/lab111/share/lab111/hook/cmake_prefix_path.ps1'
[1.047s] INFO:colcon.colcon_core.shell:Creating environment descriptor '/home/al2/ros2_ws/src/lab111/install/lab111/share/lab111/hook/cmake_prefix_path.dsv'
[1.047s] INFO:colcon.colcon_core.shell:Creating environment hook '/home/al2/ros2_ws/src/lab111/install/lab111/share/lab111/hook/cmake_prefix_path.sh'
[1.049s] Level 1:colcon.colcon_core.environment:checking '/home/al2/ros2_ws/src/lab111/install/lab111/lib'
[1.049s] Level 1:colcon.colcon_core.environment:checking '/home/al2/ros2_ws/src/lab111/install/lab111/bin'
[1.049s] Level 1:colcon.colcon_core.environment:checking '/home/al2/ros2_ws/src/lab111/install/lab111/lib/pkgconfig/lab111.pc'
[1.049s] Level 1:colcon.colcon_core.environment:checking '/home/al2/ros2_ws/src/lab111/install/lab111/lib/python3.10/site-packages'
[1.050s] Level 1:colcon.colcon_core.environment:checking '/home/al2/ros2_ws/src/lab111/install/lab111/bin'
[1.050s] INFO:colcon.colcon_core.shell:Creating package script '/home/al2/ros2_ws/src/lab111/install/lab111/share/lab111/package.ps1'
[1.051s] INFO:colcon.colcon_core.shell:Creating package descriptor '/home/al2/ros2_ws/src/lab111/install/lab111/share/lab111/package.dsv'
[1.052s] INFO:colcon.colcon_core.shell:Creating package script '/home/al2/ros2_ws/src/lab111/install/lab111/share/lab111/package.sh'
[1.053s] INFO:colcon.colcon_core.shell:Creating package script '/home/al2/ros2_ws/src/lab111/install/lab111/share/lab111/package.bash'
[1.054s] INFO:colcon.colcon_core.shell:Creating package script '/home/al2/ros2_ws/src/lab111/install/lab111/share/lab111/package.zsh'
[1.055s] Level 1:colcon.colcon_core.environment:create_file_with_runtime_dependencies(/home/al2/ros2_ws/src/lab111/install/lab111/share/colcon-core/packages/lab111)
[1.055s] Level 1:colcon.colcon_core.environment:create_environment_scripts_only(lab111)
[1.055s] Level 1:colcon.colcon_core.environment:checking '/home/al2/ros2_ws/src/lab111/install/lab111' for CMake module files
[1.056s] Level 1:colcon.colcon_core.environment:checking '/home/al2/ros2_ws/src/lab111/install/lab111' for CMake config files
[1.056s] Level 1:colcon.colcon_core.shell:create_environment_hook('lab111', 'cmake_prefix_path')
[1.056s] INFO:colcon.colcon_core.shell:Creating environment hook '/home/al2/ros2_ws/src/lab111/install/lab111/share/lab111/hook/cmake_prefix_path.ps1'
[1.056s] INFO:colcon.colcon_core.shell:Creating environment descriptor '/home/al2/ros2_ws/src/lab111/install/lab111/share/lab111/hook/cmake_prefix_path.dsv'
[1.056s] INFO:colcon.colcon_core.shell:Creating environment hook '/home/al2/ros2_ws/src/lab111/install/lab111/share/lab111/hook/cmake_prefix_path.sh'
[1.056s] Level 1:colcon.colcon_core.environment:checking '/home/al2/ros2_ws/src/lab111/install/lab111/lib'
[1.056s] Level 1:colcon.colcon_core.environment:checking '/home/al2/ros2_ws/src/lab111/install/lab111/bin'
[1.056s] Level 1:colcon.colcon_core.environment:checking '/home/al2/ros2_ws/src/lab111/install/lab111/lib/pkgconfig/lab111.pc'
[1.057s] Level 1:colcon.colcon_core.environment:checking '/home/al2/ros2_ws/src/lab111/install/lab111/lib/python3.10/site-packages'
[1.057s] Level 1:colcon.colcon_core.environment:checking '/home/al2/ros2_ws/src/lab111/install/lab111/bin'
[1.057s] INFO:colcon.colcon_core.shell:Creating package script '/home/al2/ros2_ws/src/lab111/install/lab111/share/lab111/package.ps1'
[1.057s] INFO:colcon.colcon_core.shell:Creating package descriptor '/home/al2/ros2_ws/src/lab111/install/lab111/share/lab111/package.dsv'
[1.057s] INFO:colcon.colcon_core.shell:Creating package script '/home/al2/ros2_ws/src/lab111/install/lab111/share/lab111/package.sh'
[1.058s] INFO:colcon.colcon_core.shell:Creating package script '/home/al2/ros2_ws/src/lab111/install/lab111/share/lab111/package.bash'
[1.058s] INFO:colcon.colcon_core.shell:Creating package script '/home/al2/ros2_ws/src/lab111/install/lab111/share/lab111/package.zsh'
[1.058s] Level 1:colcon.colcon_core.environment:create_file_with_runtime_dependencies(/home/al2/ros2_ws/src/lab111/install/lab111/share/colcon-core/packages/lab111)
[1.058s] DEBUG:colcon.colcon_parallel_executor.executor.parallel:closing loop
[1.058s] DEBUG:colcon.colcon_parallel_executor.executor.parallel:loop closed
[1.058s] DEBUG:colcon.colcon_parallel_executor.executor.parallel:run_until_complete finished with '0'
[1.058s] DEBUG:colcon.colcon_core.event_reactor:joining thread
[1.067s] INFO:colcon.colcon_core.plugin_system:Skipping extension 'colcon_notification.desktop_notification.terminal_notifier': Not used on non-Darwin systems
[1.067s] INFO:colcon.colcon_core.plugin_system:Skipping extension 'colcon_notification.desktop_notification.win32': Not used on non-Windows systems
[1.067s] INFO:colcon.colcon_notification.desktop_notification:Sending desktop notification using 'notify2'
[1.082s] DEBUG:colcon.colcon_core.event_reactor:joined thread
[1.083s] INFO:colcon.colcon_core.shell:Creating prefix script '/home/al2/ros2_ws/src/lab111/install/local_setup.ps1'
[1.084s] INFO:colcon.colcon_core.shell:Creating prefix util module '/home/al2/ros2_ws/src/lab111/install/_local_setup_util_ps1.py'
[1.086s] INFO:colcon.colcon_core.shell:Creating prefix chain script '/home/al2/ros2_ws/src/lab111/install/setup.ps1'
[1.087s] INFO:colcon.colcon_core.shell:Creating prefix script '/home/al2/ros2_ws/src/lab111/install/local_setup.sh'
[1.088s] INFO:colcon.colcon_core.shell:Creating prefix util module '/home/al2/ros2_ws/src/lab111/install/_local_setup_util_sh.py'
[1.088s] INFO:colcon.colcon_core.shell:Creating prefix chain script '/home/al2/ros2_ws/src/lab111/install/setup.sh'
[1.089s] INFO:colcon.colcon_core.shell:Creating prefix script '/home/al2/ros2_ws/src/lab111/install/local_setup.bash'
[1.090s] INFO:colcon.colcon_core.shell:Creating prefix chain script '/home/al2/ros2_ws/src/lab111/install/setup.bash'
[1.091s] INFO:colcon.colcon_core.shell:Creating prefix script '/home/al2/ros2_ws/src/lab111/install/local_setup.zsh'
[1.092s] INFO:colcon.colcon_core.shell:Creating prefix chain script '/home/al2/ros2_ws/src/lab111/install/setup.zsh'
