[0.006s] Invoking command in '/home/al2/ros2_ws/src/lab111/build/lab111': CMAKE_PREFIX_PATH=${CMAKE_PREFIX_PATH}:/opt/ros/humble /usr/bin/cmake /home/al2/ros2_ws/src/lab111 -DCMAKE_INSTALL_PREFIX=/home/al2/ros2_ws/src/lab111/install/lab111
[0.109s] -- The C compiler identification is GNU 11.4.0
[0.207s] -- The CXX compiler identification is GNU 11.4.0
[0.216s] -- Detecting C compiler ABI info
[0.275s] -- Detecting C compiler ABI info - done
[0.279s] -- Check for working C compiler: /usr/bin/cc - skipped
[0.280s] -- Detecting C compile features
[0.280s] -- Detecting C compile features - done
[0.283s] -- Detecting CXX compiler ABI info
[0.344s] -- Detecting CXX compiler ABI info - done
[0.349s] -- Check for working CXX compiler: /usr/bin/c++ - skipped
[0.349s] -- Detecting CXX compile features
[0.350s] -- Detecting CXX compile features - done
[0.360s] -- Found ament_cmake: 1.3.14 (/opt/ros/humble/share/ament_cmake/cmake)
[0.465s] -- Found Python3: /usr/bin/python3 (found version "3.10.12") found components: Interpreter 
[0.532s] -- Found rclpy: 3.3.21 (/opt/ros/humble/share/rclpy/cmake)
[0.533s] -- Found geometry_msgs: 4.9.2 (/opt/ros/humble/share/geometry_msgs/cmake)
[0.563s] -- Found rosidl_generator_c: 3.1.9 (/opt/ros/humble/share/rosidl_generator_c/cmake)
[0.566s] -- Found rosidl_adapter: 3.1.9 (/opt/ros/humble/share/rosidl_adapter/cmake)
[0.572s] -- Found rosidl_generator_cpp: 3.1.9 (/opt/ros/humble/share/rosidl_generator_cpp/cmake)
[0.582s] -- Using all available rosidl_typesupport_c: rosidl_typesupport_fastrtps_c;rosidl_typesupport_introspection_c
[0.593s] -- Using all available rosidl_typesupport_cpp: rosidl_typesupport_fastrtps_cpp;rosidl_typesupport_introspection_cpp
[0.619s] -- Found ament_lint_auto: 0.12.15 (/opt/ros/humble/share/ament_lint_auto/cmake)
[0.668s] -- Added test 'cppcheck' to perform static code analysis on C / C++ code
[0.668s] -- Configured cppcheck include dirs: 
[0.668s] -- Configured cppcheck exclude dirs and/or files: 
[0.669s] -- Added test 'flake8' to check Python code syntax and style conventions
[0.670s] -- Added test 'lint_cmake' to check CMake code style
[0.670s] -- Added test 'pep257' to check Python code against some of the docstring style conventions in PEP 257
[0.672s] -- Added test 'uncrustify' to check C / C++ code style
[0.672s] -- Configured uncrustify additional arguments: 
[0.673s] -- Added test 'xmllint' to check XML markup files
[0.674s] -- Configuring done
[0.676s] -- Generating done
[0.677s] -- Build files have been written to: /home/al2/ros2_ws/src/lab111/build/lab111
[0.682s] Invoked command in '/home/al2/ros2_ws/src/lab111/build/lab111' returned '0': CMAKE_PREFIX_PATH=${CMAKE_PREFIX_PATH}:/opt/ros/humble /usr/bin/cmake /home/al2/ros2_ws/src/lab111 -DCMAKE_INSTALL_PREFIX=/home/al2/ros2_ws/src/lab111/install/lab111
[0.683s] Invoking command in '/home/al2/ros2_ws/src/lab111/build/lab111': CMAKE_PREFIX_PATH=${CMAKE_PREFIX_PATH}:/opt/ros/humble /usr/bin/cmake --build /home/al2/ros2_ws/src/lab111/build/lab111 -- -j12 -l12
[0.710s] Invoked command in '/home/al2/ros2_ws/src/lab111/build/lab111' returned '0': CMAKE_PREFIX_PATH=${CMAKE_PREFIX_PATH}:/opt/ros/humble /usr/bin/cmake --build /home/al2/ros2_ws/src/lab111/build/lab111 -- -j12 -l12
[0.718s] Invoking command in '/home/al2/ros2_ws/src/lab111/build/lab111': CMAKE_PREFIX_PATH=${CMAKE_PREFIX_PATH}:/opt/ros/humble /usr/bin/cmake --install /home/al2/ros2_ws/src/lab111/build/lab111
[0.725s] -- Install configuration: ""
[0.725s] -- Installing: /home/al2/ros2_ws/src/lab111/install/lab111/lib/lab111/dead_reckoning_nav.py
[0.726s] -- Installing: /home/al2/ros2_ws/src/lab111/install/lab111/lib/lab111/pose_loader.py
[0.726s] -- Installing: /home/al2/ros2_ws/src/lab111/install/lab111/share/lab111/launch
[0.726s] -- Installing: /home/al2/ros2_ws/src/lab111/install/lab111/share/lab111/launch/avanzar_y_rotar.xml
[0.726s] -- Installing: /home/al2/ros2_ws/src/lab111/install/lab111/share/ament_index/resource_index/package_run_dependencies/lab111
[0.727s] -- Installing: /home/al2/ros2_ws/src/lab111/install/lab111/share/ament_index/resource_index/parent_prefix_path/lab111
[0.727s] -- Installing: /home/al2/ros2_ws/src/lab111/install/lab111/share/lab111/environment/ament_prefix_path.sh
[0.727s] -- Installing: /home/al2/ros2_ws/src/lab111/install/lab111/share/lab111/environment/ament_prefix_path.dsv
[0.727s] -- Installing: /home/al2/ros2_ws/src/lab111/install/lab111/share/lab111/environment/path.sh
[0.727s] -- Installing: /home/al2/ros2_ws/src/lab111/install/lab111/share/lab111/environment/path.dsv
[0.727s] -- Installing: /home/al2/ros2_ws/src/lab111/install/lab111/share/lab111/local_setup.bash
[0.727s] -- Installing: /home/al2/ros2_ws/src/lab111/install/lab111/share/lab111/local_setup.sh
[0.727s] -- Installing: /home/al2/ros2_ws/src/lab111/install/lab111/share/lab111/local_setup.zsh
[0.727s] -- Installing: /home/al2/ros2_ws/src/lab111/install/lab111/share/lab111/local_setup.dsv
[0.728s] -- Installing: /home/al2/ros2_ws/src/lab111/install/lab111/share/lab111/package.dsv
[0.728s] -- Installing: /home/al2/ros2_ws/src/lab111/install/lab111/share/ament_index/resource_index/packages/lab111
[0.728s] -- Installing: /home/al2/ros2_ws/src/lab111/install/lab111/share/lab111/cmake/lab111Config.cmake
[0.728s] -- Installing: /home/al2/ros2_ws/src/lab111/install/lab111/share/lab111/cmake/lab111Config-version.cmake
[0.729s] -- Installing: /home/al2/ros2_ws/src/lab111/install/lab111/share/lab111/package.xml
[0.731s] Invoked command in '/home/al2/ros2_ws/src/lab111/build/lab111' returned '0': CMAKE_PREFIX_PATH=${CMAKE_PREFIX_PATH}:/opt/ros/humble /usr/bin/cmake --install /home/al2/ros2_ws/src/lab111/build/lab111
